// Jest Snapshot v1, https://goo.gl/fbAQLP

exports[`Popover should render Popover 1`] = `
<div>
  <div
    class="flyout"
    style="top: 40px; left: 20px;"
  >
    <div
      class="body"
    >
      <div>
        Some Content
      </div>
    </div>
  </div>
</div>
`;
